Archive member included because of file (symbol)

c:/winavr-20080610/bin/../lib/gcc/avr/4.3.0/avr5\libgcc.a(_divmodhi4.o)
                              lcd.o (__divmodhi4)
c:/winavr-20080610/bin/../lib/gcc/avr/4.3.0/avr5\libgcc.a(_exit.o)
                              c:/winavr-20080610/bin/../lib/gcc/avr/4.3.0/../../../../avr/lib/avr5/crtm169.o (exit)
c:/winavr-20080610/bin/../lib/gcc/avr/4.3.0/avr5\libgcc.a(_copy_data.o)
                              ex1.3.o (__do_copy_data)
c:/winavr-20080610/bin/../lib/gcc/avr/4.3.0/avr5\libgcc.a(_clear_bss.o)
                              ex1.3.o (__do_clear_bss)
c:/winavr-20080610/bin/../lib/gcc/avr/4.3.0/avr5\libgcc.a(_udivmodhi4.o)
                              c:/winavr-20080610/bin/../lib/gcc/avr/4.3.0/avr5\libgcc.a(_divmodhi4.o) (__udivmodhi4)
c:/winavr-20080610/bin/../lib/gcc/avr/4.3.0/../../../../avr/lib/avr5\libc.a(setjmp.o)
                              TinyTimber.o (setjmp)

Allocating common symbols
Common symbol       size              file

otable              0x24              TinyTimber.o
threads             0x74              TinyTimber.o
mtable              0x24              TinyTimber.o
flag_blinking       0x1               blinker.o
thread0             0x1d              TinyTimber.o
messages            0xf0              TinyTimber.o
stacks              0x180             TinyTimber.o

Memory Configuration

Name             Origin             Length             Attributes
text             0x00000000         0x00020000         xr
data             0x00800060         0x0000ffa0         rw !x
eeprom           0x00810000         0x00010000         rw !x
fuse             0x00820000         0x00000400         rw !x
lock             0x00830000         0x00000400         rw !x
signature        0x00840000         0x00000400         rw !x
*default*        0x00000000         0xffffffff

Linker script and memory map

Address of section .data set to 0x800100
LOAD c:/winavr-20080610/bin/../lib/gcc/avr/4.3.0/../../../../avr/lib/avr5/crtm169.o
LOAD ex1.3.o
LOAD TinyTimber.o
LOAD lcd.o
LOAD primes.o
LOAD blinker.o
LOAD c:/winavr-20080610/bin/../lib/gcc/avr/4.3.0/../../../../avr/lib/avr5\libm.a
LOAD c:/winavr-20080610/bin/../lib/gcc/avr/4.3.0/avr5\libgcc.a
LOAD c:/winavr-20080610/bin/../lib/gcc/avr/4.3.0/../../../../avr/lib/avr5\libc.a
LOAD c:/winavr-20080610/bin/../lib/gcc/avr/4.3.0/avr5\libgcc.a

.hash
 *(.hash)

.dynsym
 *(.dynsym)

.dynstr
 *(.dynstr)

.gnu.version
 *(.gnu.version)

.gnu.version_d
 *(.gnu.version_d)

.gnu.version_r
 *(.gnu.version_r)

.rel.init
 *(.rel.init)

.rela.init
 *(.rela.init)

.rel.text
 *(.rel.text)
 *(.rel.text.*)
 *(.rel.gnu.linkonce.t*)

.rela.text
 *(.rela.text)
 *(.rela.text.*)
 *(.rela.gnu.linkonce.t*)

.rel.fini
 *(.rel.fini)

.rela.fini
 *(.rela.fini)

.rel.rodata
 *(.rel.rodata)
 *(.rel.rodata.*)
 *(.rel.gnu.linkonce.r*)

.rela.rodata
 *(.rela.rodata)
 *(.rela.rodata.*)
 *(.rela.gnu.linkonce.r*)

.rel.data
 *(.rel.data)
 *(.rel.data.*)
 *(.rel.gnu.linkonce.d*)

.rela.data
 *(.rela.data)
 *(.rela.data.*)
 *(.rela.gnu.linkonce.d*)

.rel.ctors
 *(.rel.ctors)

.rela.ctors
 *(.rela.ctors)

.rel.dtors
 *(.rel.dtors)

.rela.dtors
 *(.rela.dtors)

.rel.got
 *(.rel.got)

.rela.got
 *(.rela.got)

.rel.bss
 *(.rel.bss)

.rela.bss
 *(.rela.bss)

.rel.plt
 *(.rel.plt)

.rela.plt
 *(.rela.plt)

.text           0x00000000     0x2524
 *(.vectors)
 .vectors       0x00000000       0x5c c:/winavr-20080610/bin/../lib/gcc/avr/4.3.0/../../../../avr/lib/avr5/crtm169.o
                0x00000000                __vectors
                0x00000000                __vector_default
 *(.vectors)
 *(.progmem.gcc*)
 *(.progmem*)
                0x0000005c                . = ALIGN (0x2)
                0x0000005c                __trampolines_start = .
 *(.trampolines)
 .trampolines   0x0000005c        0x0 linker stubs
 *(.trampolines*)
                0x0000005c                __trampolines_end = .
 *(.jumptables)
 *(.jumptables*)
 *(.lowtext)
 *(.lowtext*)
                0x0000005c                __ctors_start = .
 *(.ctors)
                0x0000005c                __ctors_end = .
                0x0000005c                __dtors_start = .
 *(.dtors)
                0x0000005c                __dtors_end = .
 SORT(*)(.ctors)
 SORT(*)(.dtors)
 *(.init0)
 .init0         0x0000005c        0x0 c:/winavr-20080610/bin/../lib/gcc/avr/4.3.0/../../../../avr/lib/avr5/crtm169.o
                0x0000005c                __init
 *(.init0)
 *(.init1)
 *(.init1)
 *(.init2)
 .init2         0x0000005c        0xc c:/winavr-20080610/bin/../lib/gcc/avr/4.3.0/../../../../avr/lib/avr5/crtm169.o
 *(.init2)
 *(.init3)
 *(.init3)
 *(.init4)
 .init4         0x00000068       0x16 c:/winavr-20080610/bin/../lib/gcc/avr/4.3.0/avr5\libgcc.a(_copy_data.o)
                0x00000068                __do_copy_data
 .init4         0x0000007e       0x10 c:/winavr-20080610/bin/../lib/gcc/avr/4.3.0/avr5\libgcc.a(_clear_bss.o)
                0x0000007e                __do_clear_bss
 *(.init4)
 *(.init5)
 *(.init5)
 *(.init6)
 *(.init6)
 *(.init7)
 *(.init7)
 *(.init8)
 *(.init8)
 *(.init9)
 .init9         0x0000008e        0x8 c:/winavr-20080610/bin/../lib/gcc/avr/4.3.0/../../../../avr/lib/avr5/crtm169.o
 *(.init9)
 *(.text)
 .text          0x00000096        0x4 c:/winavr-20080610/bin/../lib/gcc/avr/4.3.0/../../../../avr/lib/avr5/crtm169.o
                0x00000096                __bad_interrupt
                0x00000096                __vector_6
                0x00000096                __vector_8
 .text          0x0000009a       0x9a ex1.3.o
                0x000000c8                startup
                0x0000009a                main
 .text          0x00000134     0x1ca6 TinyTimber.o
                0x00001ae6                async
                0x000009ba                __vector_22
                0x0000035e                ABORT
                0x00001834                __vector_1
                0x00000438                T_RESET
                0x000004c2                CURRENT_OFFSET
                0x0000123e                __vector_12
                0x00000134                DUMP
                0x00000154                DUMPC
                0x00001680                __vector_3
                0x000007b6                tinytimber
                0x00001318                __vector_11
                0x00001164                __vector_13
                0x00000dfc                __vector_17
                0x00000c48                __vector_19
                0x000007f0                __vector_7
                0x000001ca                enqueueByBaseline
                0x0000047a                T_SAMPLE
                0x0000190e                sync
                0x000014cc                __vector_5
                0x00000294                pop
                0x00000156                enqueueByDeadline
                0x000015a6                __vector_4
                0x00000152                DUMP_INIT
                0x000002a8                __vector_9
                0x0000175a                __vector_2
                0x00000a94                __vector_21
                0x00000fb0                __vector_15
                0x00000142                DUMPH
                0x0000023e                dequeue
                0x00000572                install
                0x0000026c                insert
                0x0000108a                __vector_14
                0x000013f2                __vector_10
                0x00000ed6                __vector_16
                0x00000d22                __vector_18
                0x00000280                push
                0x00000b6e                __vector_20
 .text          0x00001dda      0x51e lcd.o
                0x00001dda                writeDigit
                0x0000225c                segmentOff
                0x000020a6                writeInt
                0x000021ba                segmentOn
 .text          0x000022f8       0x74 primes.o
                0x000022f8                is_prime
                0x00002332                primes
 .text          0x0000236c       0xe4 blinker.o
                0x000023c6                Blinking
                0x00002384                startBlinking
                0x00002372                setPeriod
                0x0000236c                stopBlinking
 .text          0x00002450        0x0 c:/winavr-20080610/bin/../lib/gcc/avr/4.3.0/avr5\libgcc.a(_divmodhi4.o)
 .text          0x00002450        0x0 c:/winavr-20080610/bin/../lib/gcc/avr/4.3.0/avr5\libgcc.a(_exit.o)
 .text          0x00002450        0x0 c:/winavr-20080610/bin/../lib/gcc/avr/4.3.0/avr5\libgcc.a(_copy_data.o)
 .text          0x00002450        0x0 c:/winavr-20080610/bin/../lib/gcc/avr/4.3.0/avr5\libgcc.a(_clear_bss.o)
 .text          0x00002450        0x0 c:/winavr-20080610/bin/../lib/gcc/avr/4.3.0/avr5\libgcc.a(_udivmodhi4.o)
 .text          0x00002450       0x82 c:/winavr-20080610/bin/../lib/gcc/avr/4.3.0/../../../../avr/lib/avr5\libc.a(setjmp.o)
                0x00002490                longjmp
                0x00002450                setjmp
                0x000024d2                . = ALIGN (0x2)
 *(.text.*)
 .text.libgcc   0x000024d2       0x26 c:/winavr-20080610/bin/../lib/gcc/avr/4.3.0/avr5\libgcc.a(_divmodhi4.o)
                0x000024d2                __divmodhi4
                0x000024d2                _div
 .text.libgcc   0x000024f8        0x0 c:/winavr-20080610/bin/../lib/gcc/avr/4.3.0/avr5\libgcc.a(_exit.o)
 .text.libgcc   0x000024f8        0x0 c:/winavr-20080610/bin/../lib/gcc/avr/4.3.0/avr5\libgcc.a(_copy_data.o)
 .text.libgcc   0x000024f8        0x0 c:/winavr-20080610/bin/../lib/gcc/avr/4.3.0/avr5\libgcc.a(_clear_bss.o)
 .text.libgcc   0x000024f8       0x28 c:/winavr-20080610/bin/../lib/gcc/avr/4.3.0/avr5\libgcc.a(_udivmodhi4.o)
                0x000024f8                __udivmodhi4
                0x00002520                . = ALIGN (0x2)
 *(.fini9)
 .fini9         0x00002520        0x0 c:/winavr-20080610/bin/../lib/gcc/avr/4.3.0/avr5\libgcc.a(_exit.o)
                0x00002520                exit
                0x00002520                _exit
 *(.fini9)
 *(.fini8)
 *(.fini8)
 *(.fini7)
 *(.fini7)
 *(.fini6)
 *(.fini6)
 *(.fini5)
 *(.fini5)
 *(.fini4)
 *(.fini4)
 *(.fini3)
 *(.fini3)
 *(.fini2)
 *(.fini2)
 *(.fini1)
 *(.fini1)
 *(.fini0)
 .fini0         0x00002520        0x4 c:/winavr-20080610/bin/../lib/gcc/avr/4.3.0/avr5\libgcc.a(_exit.o)
 *(.fini0)
                0x00002524                _etext = .

.data           0x00800100       0x6a load address 0x00002524
                0x00800100                PROVIDE (__data_start, .)
 *(.data)
 .data          0x00800100        0x0 c:/winavr-20080610/bin/../lib/gcc/avr/4.3.0/../../../../avr/lib/avr5/crtm169.o
 .data          0x00800100       0x18 ex1.3.o
                0x00800106                blinker
                0x00800110                app
                0x00800100                primeCalc
 .data          0x00800118       0x3d TinyTimber.o
                0x0080014f                threadPool
                0x00800153                current
                0x0080014d                msgPool
                0x00800151                activeStack
                0x0080013c                hex
 .data          0x00800155       0x14 lcd.o
 .data          0x00800169        0x0 primes.o
 .data          0x00800169        0x0 blinker.o
 .data          0x00800169        0x0 c:/winavr-20080610/bin/../lib/gcc/avr/4.3.0/avr5\libgcc.a(_divmodhi4.o)
 .data          0x00800169        0x0 c:/winavr-20080610/bin/../lib/gcc/avr/4.3.0/avr5\libgcc.a(_exit.o)
 .data          0x00800169        0x0 c:/winavr-20080610/bin/../lib/gcc/avr/4.3.0/avr5\libgcc.a(_copy_data.o)
 .data          0x00800169        0x0 c:/winavr-20080610/bin/../lib/gcc/avr/4.3.0/avr5\libgcc.a(_clear_bss.o)
 .data          0x00800169        0x0 c:/winavr-20080610/bin/../lib/gcc/avr/4.3.0/avr5\libgcc.a(_udivmodhi4.o)
 .data          0x00800169        0x0 c:/winavr-20080610/bin/../lib/gcc/avr/4.3.0/../../../../avr/lib/avr5\libc.a(setjmp.o)
 *(.data*)
 *(.rodata)
 *(.rodata*)
 *(.gnu.linkonce.d*)
                0x0080016a                . = ALIGN (0x2)
 *fill*         0x00800169        0x1 00
                0x0080016a                _edata = .
                0x0080016a                PROVIDE (__data_end, .)

.bss            0x0080016a      0x358 load address 0x0000258e
                0x0080016a                PROVIDE (__bss_start, .)
 *(.bss)
 .bss           0x0080016a        0x0 c:/winavr-20080610/bin/../lib/gcc/avr/4.3.0/../../../../avr/lib/avr5/crtm169.o
 .bss           0x0080016a        0x4 ex1.3.o
                0x0080016a                lcdDriver
 .bss           0x0080016e        0xa TinyTimber.o
                0x0080016e                msgQ
                0x00800172                timestamp
                0x00800176                overflows
                0x00800170                timerQ
 .bss           0x00800178        0x0 lcd.o
 .bss           0x00800178        0x0 primes.o
 .bss           0x00800178        0x0 blinker.o
 .bss           0x00800178        0x0 c:/winavr-20080610/bin/../lib/gcc/avr/4.3.0/avr5\libgcc.a(_divmodhi4.o)
 .bss           0x00800178        0x0 c:/winavr-20080610/bin/../lib/gcc/avr/4.3.0/avr5\libgcc.a(_exit.o)
 .bss           0x00800178        0x0 c:/winavr-20080610/bin/../lib/gcc/avr/4.3.0/avr5\libgcc.a(_copy_data.o)
 .bss           0x00800178        0x0 c:/winavr-20080610/bin/../lib/gcc/avr/4.3.0/avr5\libgcc.a(_clear_bss.o)
 .bss           0x00800178        0x0 c:/winavr-20080610/bin/../lib/gcc/avr/4.3.0/avr5\libgcc.a(_udivmodhi4.o)
 .bss           0x00800178        0x0 c:/winavr-20080610/bin/../lib/gcc/avr/4.3.0/../../../../avr/lib/avr5\libc.a(setjmp.o)
 *(.bss*)
 *(COMMON)
 COMMON         0x00800178      0x349 TinyTimber.o
                0x00800178                otable
                0x0080019c                threads
                0x00800210                mtable
                0x00800234                thread0
                0x00800251                messages
                0x00800341                stacks
 COMMON         0x008004c1        0x1 blinker.o
                0x008004c1                flag_blinking
                0x008004c2                PROVIDE (__bss_end, .)
                0x00002524                __data_load_start = LOADADDR (.data)
                0x0000258e                __data_load_end = (__data_load_start + SIZEOF (.data))

.noinit         0x008004c2        0x0
                0x008004c2                PROVIDE (__noinit_start, .)
 *(.noinit*)
                0x008004c2                PROVIDE (__noinit_end, .)
                0x008004c2                _end = .
                0x008004c2                PROVIDE (__heap_start, .)

.eeprom         0x00810000        0x0
 *(.eeprom*)
                0x00810000                __eeprom_end = .

.fuse
 *(.fuse)
 *(.lfuse)
 *(.hfuse)
 *(.efuse)

.lock
 *(.lock*)

.signature
 *(.signature*)

.stab           0x00000000     0x2340
 *(.stab)
 .stab          0x00000000      0x468 ex1.3.o
 .stab          0x00000468     0x1530 TinyTimber.o
                               0x1740 (size before relaxing)
 .stab          0x00001998      0x4e0 lcd.o
                                0x708 (size before relaxing)
 .stab          0x00001e78      0x21c primes.o
                                0x45c (size before relaxing)
 .stab          0x00002094      0x2ac blinker.o
                                0x4d4 (size before relaxing)

.stabstr        0x00000000     0x144c
 *(.stabstr)
 .stabstr       0x00000000     0x144c ex1.3.o

.stab.excl
 *(.stab.excl)

.stab.exclstr
 *(.stab.exclstr)

.stab.index
 *(.stab.index)

.stab.indexstr
 *(.stab.indexstr)

.comment
 *(.comment)

.debug
 *(.debug)

.line
 *(.line)

.debug_srcinfo
 *(.debug_srcinfo)

.debug_sfnames
 *(.debug_sfnames)

.debug_aranges
 *(.debug_aranges)

.debug_pubnames
 *(.debug_pubnames)

.debug_info
 *(.debug_info)
 *(.gnu.linkonce.wi.*)

.debug_abbrev
 *(.debug_abbrev)

.debug_line
 *(.debug_line)

.debug_frame
 *(.debug_frame)

.debug_str
 *(.debug_str)

.debug_loc
 *(.debug_loc)

.debug_macinfo
 *(.debug_macinfo)
OUTPUT(ex1.3.elf elf32-avr)
LOAD linker stubs

Cross Reference Table

Symbol                                            File
ABORT                                             TinyTimber.o
Blinking                                          blinker.o
                                                  ex1.3.o
CURRENT_OFFSET                                    TinyTimber.o
DUMP                                              TinyTimber.o
DUMPC                                             TinyTimber.o
DUMPH                                             TinyTimber.o
DUMP_INIT                                         TinyTimber.o
T_RESET                                           TinyTimber.o
T_SAMPLE                                          TinyTimber.o
__bad_interrupt                                   c:/winavr-20080610/bin/../lib/gcc/avr/4.3.0/../../../../avr/lib/avr5/crtm169.o
__bss_end                                         c:/winavr-20080610/bin/../lib/gcc/avr/4.3.0/avr5\libgcc.a(_clear_bss.o)
__bss_start                                       c:/winavr-20080610/bin/../lib/gcc/avr/4.3.0/avr5\libgcc.a(_clear_bss.o)
__data_end                                        c:/winavr-20080610/bin/../lib/gcc/avr/4.3.0/avr5\libgcc.a(_copy_data.o)
__data_load_start                                 c:/winavr-20080610/bin/../lib/gcc/avr/4.3.0/avr5\libgcc.a(_copy_data.o)
__data_start                                      c:/winavr-20080610/bin/../lib/gcc/avr/4.3.0/avr5\libgcc.a(_copy_data.o)
__divmodhi4                                       c:/winavr-20080610/bin/../lib/gcc/avr/4.3.0/avr5\libgcc.a(_divmodhi4.o)
                                                  blinker.o
                                                  primes.o
                                                  lcd.o
__do_clear_bss                                    c:/winavr-20080610/bin/../lib/gcc/avr/4.3.0/avr5\libgcc.a(_clear_bss.o)
                                                  blinker.o
                                                  primes.o
                                                  lcd.o
                                                  TinyTimber.o
                                                  ex1.3.o
__do_copy_data                                    c:/winavr-20080610/bin/../lib/gcc/avr/4.3.0/avr5\libgcc.a(_copy_data.o)
                                                  blinker.o
                                                  primes.o
                                                  lcd.o
                                                  TinyTimber.o
                                                  ex1.3.o
__heap_end                                        c:/winavr-20080610/bin/../lib/gcc/avr/4.3.0/../../../../avr/lib/avr5/crtm169.o
__init                                            c:/winavr-20080610/bin/../lib/gcc/avr/4.3.0/../../../../avr/lib/avr5/crtm169.o
__stack                                           c:/winavr-20080610/bin/../lib/gcc/avr/4.3.0/../../../../avr/lib/avr5/crtm169.o
__udivmodhi4                                      c:/winavr-20080610/bin/../lib/gcc/avr/4.3.0/avr5\libgcc.a(_udivmodhi4.o)
                                                  c:/winavr-20080610/bin/../lib/gcc/avr/4.3.0/avr5\libgcc.a(_divmodhi4.o)
__vector_1                                        TinyTimber.o
                                                  c:/winavr-20080610/bin/../lib/gcc/avr/4.3.0/../../../../avr/lib/avr5/crtm169.o
__vector_10                                       TinyTimber.o
                                                  c:/winavr-20080610/bin/../lib/gcc/avr/4.3.0/../../../../avr/lib/avr5/crtm169.o
__vector_11                                       TinyTimber.o
                                                  c:/winavr-20080610/bin/../lib/gcc/avr/4.3.0/../../../../avr/lib/avr5/crtm169.o
__vector_12                                       TinyTimber.o
                                                  c:/winavr-20080610/bin/../lib/gcc/avr/4.3.0/../../../../avr/lib/avr5/crtm169.o
__vector_13                                       TinyTimber.o
                                                  c:/winavr-20080610/bin/../lib/gcc/avr/4.3.0/../../../../avr/lib/avr5/crtm169.o
__vector_14                                       TinyTimber.o
                                                  c:/winavr-20080610/bin/../lib/gcc/avr/4.3.0/../../../../avr/lib/avr5/crtm169.o
__vector_15                                       TinyTimber.o
                                                  c:/winavr-20080610/bin/../lib/gcc/avr/4.3.0/../../../../avr/lib/avr5/crtm169.o
__vector_16                                       TinyTimber.o
                                                  c:/winavr-20080610/bin/../lib/gcc/avr/4.3.0/../../../../avr/lib/avr5/crtm169.o
__vector_17                                       TinyTimber.o
                                                  c:/winavr-20080610/bin/../lib/gcc/avr/4.3.0/../../../../avr/lib/avr5/crtm169.o
__vector_18                                       TinyTimber.o
                                                  c:/winavr-20080610/bin/../lib/gcc/avr/4.3.0/../../../../avr/lib/avr5/crtm169.o
__vector_19                                       TinyTimber.o
                                                  c:/winavr-20080610/bin/../lib/gcc/avr/4.3.0/../../../../avr/lib/avr5/crtm169.o
__vector_2                                        TinyTimber.o
                                                  c:/winavr-20080610/bin/../lib/gcc/avr/4.3.0/../../../../avr/lib/avr5/crtm169.o
__vector_20                                       TinyTimber.o
                                                  c:/winavr-20080610/bin/../lib/gcc/avr/4.3.0/../../../../avr/lib/avr5/crtm169.o
__vector_21                                       TinyTimber.o
                                                  c:/winavr-20080610/bin/../lib/gcc/avr/4.3.0/../../../../avr/lib/avr5/crtm169.o
__vector_22                                       TinyTimber.o
                                                  c:/winavr-20080610/bin/../lib/gcc/avr/4.3.0/../../../../avr/lib/avr5/crtm169.o
__vector_3                                        TinyTimber.o
                                                  c:/winavr-20080610/bin/../lib/gcc/avr/4.3.0/../../../../avr/lib/avr5/crtm169.o
__vector_4                                        TinyTimber.o
                                                  c:/winavr-20080610/bin/../lib/gcc/avr/4.3.0/../../../../avr/lib/avr5/crtm169.o
__vector_5                                        TinyTimber.o
                                                  c:/winavr-20080610/bin/../lib/gcc/avr/4.3.0/../../../../avr/lib/avr5/crtm169.o
__vector_6                                        c:/winavr-20080610/bin/../lib/gcc/avr/4.3.0/../../../../avr/lib/avr5/crtm169.o
__vector_7                                        TinyTimber.o
                                                  c:/winavr-20080610/bin/../lib/gcc/avr/4.3.0/../../../../avr/lib/avr5/crtm169.o
__vector_8                                        c:/winavr-20080610/bin/../lib/gcc/avr/4.3.0/../../../../avr/lib/avr5/crtm169.o
__vector_9                                        TinyTimber.o
                                                  c:/winavr-20080610/bin/../lib/gcc/avr/4.3.0/../../../../avr/lib/avr5/crtm169.o
__vector_default                                  c:/winavr-20080610/bin/../lib/gcc/avr/4.3.0/../../../../avr/lib/avr5/crtm169.o
__vectors                                         c:/winavr-20080610/bin/../lib/gcc/avr/4.3.0/../../../../avr/lib/avr5/crtm169.o
_div                                              c:/winavr-20080610/bin/../lib/gcc/avr/4.3.0/avr5\libgcc.a(_divmodhi4.o)
_exit                                             c:/winavr-20080610/bin/../lib/gcc/avr/4.3.0/avr5\libgcc.a(_exit.o)
activeStack                                       TinyTimber.o
app                                               ex1.3.o
async                                             TinyTimber.o
                                                  blinker.o
                                                  ex1.3.o
blinker                                           ex1.3.o
current                                           TinyTimber.o
dequeue                                           TinyTimber.o
enqueueByBaseline                                 TinyTimber.o
enqueueByDeadline                                 TinyTimber.o
exit                                              c:/winavr-20080610/bin/../lib/gcc/avr/4.3.0/avr5\libgcc.a(_exit.o)
                                                  c:/winavr-20080610/bin/../lib/gcc/avr/4.3.0/../../../../avr/lib/avr5/crtm169.o
flag_blinking                                     blinker.o
hex                                               TinyTimber.o
insert                                            TinyTimber.o
install                                           TinyTimber.o
is_prime                                          primes.o
lcdDriver                                         ex1.3.o
longjmp                                           c:/winavr-20080610/bin/../lib/gcc/avr/4.3.0/../../../../avr/lib/avr5\libc.a(setjmp.o)
                                                  TinyTimber.o
main                                              ex1.3.o
                                                  c:/winavr-20080610/bin/../lib/gcc/avr/4.3.0/../../../../avr/lib/avr5/crtm169.o
messages                                          TinyTimber.o
msgPool                                           TinyTimber.o
msgQ                                              TinyTimber.o
mtable                                            TinyTimber.o
otable                                            TinyTimber.o
overflows                                         TinyTimber.o
pop                                               TinyTimber.o
primeCalc                                         ex1.3.o
primes                                            primes.o
                                                  ex1.3.o
push                                              TinyTimber.o
segmentOff                                        lcd.o
                                                  blinker.o
segmentOn                                         lcd.o
                                                  blinker.o
setPeriod                                         blinker.o
setjmp                                            c:/winavr-20080610/bin/../lib/gcc/avr/4.3.0/../../../../avr/lib/avr5\libc.a(setjmp.o)
                                                  TinyTimber.o
stacks                                            TinyTimber.o
startBlinking                                     blinker.o
                                                  ex1.3.o
startup                                           ex1.3.o
stopBlinking                                      blinker.o
sync                                              TinyTimber.o
                                                  primes.o
thread0                                           TinyTimber.o
threadPool                                        TinyTimber.o
threads                                           TinyTimber.o
timerQ                                            TinyTimber.o
timestamp                                         TinyTimber.o
tinytimber                                        TinyTimber.o
                                                  ex1.3.o
writeDigit                                        lcd.o
writeInt                                          lcd.o
                                                  primes.o
